
HP@DESKTOP-I6LJCAT MINGW64 /d/PUCIT/New folder/practice
$ git _v
git: '_v' is not a git command. See 'git --help'.

The most similar command is
        mv

HP@DESKTOP-I6LJCAT MINGW64 /d/PUCIT/New folder/practice
$ git -v
git version 2.37.0.windows.1

HP@DESKTOP-I6LJCAT MINGW64 /d/PUCIT/New folder/practice
$ echo "# practice" >> README.md
git commit -m "first commit"
git branch -M main
git remote add origin https://github.com/fariarafique27/practice.git
git push -u origin main
HP@DESKTOP-I6LJCAT MINGW64 /d/PUCIT/New folder/practice
$ git init
Initialized empty Git repository in D:/PUCIT/New folder/practice/.git/

HP@DESKTOP-I6LJCAT MINGW64 /d/PUCIT/New folder/practice (master)
$ git add README.md
warning: in the working copy of 'README.md', LF will be replaced by CRLF the next time Git touches it

HP@DESKTOP-I6LJCAT MINGW64 /d/PUCIT/New folder/practice (master)
$ git commit -m "first commit"
Author identity unknown

*** Please tell me who you are.

Run

  git config --global user.email "you@example.com"
  git config --global user.name "Your Name"

to set your account's default identity.
Omit --global to set the identity only in this repository.

fatal: unable to auto-detect email address (got 'HP@DESKTOP-I6LJCAT.(none)')

HP@DESKTOP-I6LJCAT MINGW64 /d/PUCIT/New folder/practice (master)
$ git branch -M main

HP@DESKTOP-I6LJCAT MINGW64 /d/PUCIT/New folder/practice (main)
$ git remote add origin https://github.com/fariarafique27/practice.git

HP@DESKTOP-I6LJCAT MINGW64 /d/PUCIT/New folder/practice (main)
$ git push -u origin main
error: src refspec main does not match any
error: failed to push some refs to 'https://github.com/fariarafique27/practice.git'

HP@DESKTOP-I6LJCAT MINGW64 /d/PUCIT/New folder/practice (main)
$ gitcon^C

HP@DESKTOP-I6LJCAT MINGW64 /d/PUCIT/New folder/practice (main)
$ git config --global user.email "faria.rafique27@gmail.com"

HP@DESKTOP-I6LJCAT MINGW64 /d/PUCIT/New folder/practice (main)
$ git config --global user.name "fariarafique27"

HP@DESKTOP-I6LJCAT MINGW64 /d/PUCIT/New folder/practice (main)
$ echo "# practice" >> README.md
git commit -m "first commit"
git branch -M main
git remote add origin https://github.com/fariarafique27/practice.git
git push -u origin main

HP@DESKTOP-I6LJCAT MINGW64 /d/PUCIT/New folder/practice
$ git init
Initialized empty Git repository in D:/PUCIT/New folder/practice/.git/

HP@DESKTOP-I6LJCAT MINGW64 /d/PUCIT/New folder/practice (master)
$ git add README.md
warning: in the working copy of 'README.md', LF will be replaced by CRLF the next time Git touches it

HP@DESKTOP-I6LJCAT MINGW64 /d/PUCIT/New folder/practice (master)
$ git commit -m "first commit"
[master (root-commit) b1195cd] first commit
 1 file changed, 1 insertion(+)
 create mode 100644 README.md

HP@DESKTOP-I6LJCAT MINGW64 /d/PUCIT/New folder/practice (master)
$ git branch -M main

HP@DESKTOP-I6LJCAT MINGW64 /d/PUCIT/New folder/practice (main)
$ git remote add origin https://github.com/fariarafique27/practice.git

HP@DESKTOP-I6LJCAT MINGW64 /d/PUCIT/New folder/practice (main)
$ git push -u origin main





Unhandled Exception: System.ComponentModel.Win32Exception: Invalid window handle
   at MS.Win32.ManagedWndProcTracker.HookUpDefWindowProc(IntPtr hwnd)
   at MS.Win32.ManagedWndProcTracker.OnAppDomainProcessExit()
   at MS.Internal.ShutDownListener.HandleShutDown(Object sender, EventArgs e)
Enumerating objects: 3, done.
Counting objects: 100% (3/3), done.
Writing objects: 100% (3/3), 223 bytes | 111.00 KiB/s, done.
Total 3 (delta 0), reused 0 (delta 0), pack-reused 0
To https://github.com/fariarafique27/practice.git
 * [new branch]      main -> main
branch 'main' set up to track 'origin/main'.

HP@DESKTOP-I6LJCAT MINGW64 /d/PUCIT/New folder/practice (main)
$

HP@DESKTOP-I6LJCAT MINGW64 /d/PUCIT/New folder/practice (main)
$

HP@DESKTOP-I6LJCAT MINGW64 /d/PUCIT/New folder/practice (main)
$

HP@DESKTOP-I6LJCAT MINGW64 /d/PUCIT/New folder/practice (main)
$

HP@DESKTOP-I6LJCAT MINGW64 /d/PUCIT/New folder/practice (main)
$ gitstatus
bash: gitstatus: command not found

HP@DESKTOP-I6LJCAT MINGW64 /d/PUCIT/New folder/practice (main)
$ git status
On branch main
Your branch is up to date with 'origin/main'.

nothing to commit, working tree clean

HP@DESKTOP-I6LJCAT MINGW64 /d/PUCIT/New folder/practice (main)
$ git status
On branch main
Your branch is up to date with 'origin/main'.

Untracked files:
  (use "git add <file>..." to include in what will be committed)
        faria.txt.txt

nothing added to commit but untracked files present (use "git add" to track)

HP@DESKTOP-I6LJCAT MINGW64 /d/PUCIT/New folder/practice (main)
$ git status
On branch main
Your branch is up to date with 'origin/main'.

Untracked files:
  (use "git add <file>..." to include in what will be committed)
        faria.txt

nothing added to commit but untracked files present (use "git add" to track)

HP@DESKTOP-I6LJCAT MINGW64 /d/PUCIT/New folder/practice (main)
$ git add .

HP@DESKTOP-I6LJCAT MINGW64 /d/PUCIT/New folder/practice (main)
$ git status
On branch main
Your branch is up to date with 'origin/main'.

Changes to be committed:
  (use "git restore --staged <file>..." to unstage)
        new file:   faria.txt


HP@DESKTOP-I6LJCAT MINGW64 /d/PUCIT/New folder/practice (main)
$ git status
On branch main
Your branch is up to date with 'origin/main'.

Changes to be committed:
  (use "git restore --staged <file>..." to unstage)
        new file:   faria.txt

Changes not staged for commit:
  (use "git add <file>..." to update what will be committed)
  (use "git restore <file>..." to discard changes in working directory)
        modified:   faria.txt


HP@DESKTOP-I6LJCAT MINGW64 /d/PUCIT/New folder/practice (main)
$ git add .

HP@DESKTOP-I6LJCAT MINGW64 /d/PUCIT/New folder/practice (main)
$ git status
On branch main
Your branch is up to date with 'origin/main'.

Changes to be committed:
  (use "git restore --staged <file>..." to unstage)
        new file:   faria.txt


HP@DESKTOP-I6LJCAT MINGW64 /d/PUCIT/New folder/practice (main)
$ git status
On branch main
Your branch is up to date with 'origin/main'.

Changes to be committed:
  (use "git restore --staged <file>..." to unstage)
        new file:   faria.txt

Changes not staged for commit:
  (use "git add <file>..." to update what will be committed)
  (use "git restore <file>..." to discard changes in working directory)
        modified:   faria.txt


HP@DESKTOP-I6LJCAT MINGW64 /d/PUCIT/New folder/practice (main)
$ git add .

HP@DESKTOP-I6LJCAT MINGW64 /d/PUCIT/New folder/practice (main)
$ git status
On branch main
Your branch is up to date with 'origin/main'.

Changes to be committed:
  (use "git restore --staged <file>..." to unstage)
        new file:   faria.txt


HP@DESKTOP-I6LJCAT MINGW64 /d/PUCIT/New folder/practice (main)
$ git commit -m "1st commit"
[main 6512dc9] 1st commit
 1 file changed, 1 insertion(+)
 create mode 100644 faria.txt

HP@DESKTOP-I6LJCAT MINGW64 /d/PUCIT/New folder/practice (main)
$ git push
Enumerating objects: 4, done.
Counting objects: 100% (4/4), done.
Delta compression using up to 4 threads
Compressing objects: 100% (2/2), done.
Writing objects: 100% (3/3), 312 bytes | 312.00 KiB/s, done.
Total 3 (delta 0), reused 0 (delta 0), pack-reused 0
To https://github.com/fariarafique27/practice.git
   b1195cd..6512dc9  main -> main

HP@DESKTOP-I6LJCAT MINGW64 /d/PUCIT/New folder/practice (main)
$ ^C

HP@DESKTOP-I6LJCAT MINGW64 /d/PUCIT/New folder/practice (main)

